ERC report (2026-09-07T20:54:17, Encoding UTF8)
Report includes: Errors, Warnings, Exclusions

***** Sheet /
[pin_not_connected]: Pin not connected
    ; error
    @(77.47 mm, 207.01 mm): Symbol J3 Pin A3 [TX1-, Bidirectional, Line]
[power_pin_not_driven]: Input Power pin not driven by any Output Power pins
    ; error
    @(139.70 mm, 167.64 mm): Symbol #PWR036 Pin 1 [Power input, Line]
[power_pin_not_driven]: Input Power pin not driven by any Output Power pins
    ; error
    @(154.94 mm, 168.91 mm): Symbol #PWR020 Pin 1 [Power input, Line]
[pin_not_connected]: Pin not connected
    ; error
    @(165.10 mm, 317.50 mm): Symbol U5 Pin 1 [DIR, Input, Line]
[pin_not_driven]: Input pin not driven by any Output pins
    ; error
    @(165.10 mm, 317.50 mm): Symbol U5 Pin 1 [DIR, Input, Line]
[pin_not_connected]: Pin not connected
    ; error
    @(165.10 mm, 335.28 mm): Symbol U5 Pin 7 [A6, Bidirectional, Line]
[pin_not_connected]: Pin not connected
    ; error
    @(165.10 mm, 337.82 mm): Symbol U5 Pin 8 [A7, Bidirectional, Line]
[pin_not_connected]: Pin not connected
    ; error
    @(165.10 mm, 340.36 mm): Symbol U5 Pin 9 [A8, Bidirectional, Line]
[power_pin_not_driven]: Input Power pin not driven by any Output Power pins
    ; error
    @(190.50 mm, 92.71 mm): Symbol #PWR01 Pin 1 [Power input, Line]
[pin_not_connected]: Pin not connected
    ; error
    @(190.50 mm, 317.50 mm): Symbol U5 Pin 19 [~{OE}, Input, Line]
[pin_not_driven]: Input pin not driven by any Output pins
    ; error
    @(190.50 mm, 317.50 mm): Symbol U5 Pin 19 [~{OE}, Input, Line]
[pin_not_connected]: Pin not connected
    ; error
    @(190.50 mm, 335.28 mm): Symbol U5 Pin 13 [B6, Bidirectional, Line]
[pin_not_connected]: Pin not connected
    ; error
    @(190.50 mm, 337.82 mm): Symbol U5 Pin 12 [B7, Bidirectional, Line]
[pin_not_connected]: Pin not connected
    ; error
    @(190.50 mm, 340.36 mm): Symbol U5 Pin 11 [B8, Bidirectional, Line]
[pin_not_driven]: Input pin not driven by any Output pins
    ; error
    @(203.20 mm, 67.31 mm): Symbol U4 Pin 2 [SCL, Input, Line]
[power_pin_not_driven]: Input Power pin not driven by any Output Power pins
    ; error
    @(208.28 mm, 77.47 mm): Symbol U4 Pin 3 [VDD, Power input, Line]
[power_pin_not_driven]: Input Power pin not driven by any Output Power pins
    ; error
    @(213.36 mm, 74.93 mm): Symbol #PWR03 Pin 1 [Power input, Line]
[pin_not_connected]: Pin not connected
    ; error
    @(299.72 mm, 344.17 mm): Symbol J4 Pin 19 [19, Passive, Line]
[power_pin_not_driven]: Input Power pin not driven by any Output Power pins
    ; error
    @(302.26 mm, 60.96 mm): Symbol #PWR08 Pin 1 [Power input, Line]
[pin_to_pin]: Pins of type Power output and Power output are connected
    ; error
    @(313.69 mm, 111.76 mm): Symbol U1 Pin B4 [THERMALPAD, Power output, Line]
    @(311.15 mm, 111.76 mm): Symbol U1 Pin C3 [GND, Power output, Line]
[pin_to_pin]: Pins of type Power output and Power output are connected
    ; error
    @(316.23 mm, 111.76 mm): Symbol U1 Pin C7 [GROUND, Power output, Line]
    @(313.69 mm, 111.76 mm): Symbol U1 Pin B4 [THERMALPAD, Power output, Line]
[pin_not_connected]: Pin not connected
    ; error
    @(325.12 mm, 298.45 mm): Symbol J4 Pin MP1 [MP1, Passive, Line]
[pin_not_connected]: Pin not connected
    ; error
    @(325.12 mm, 300.99 mm): Symbol J4 Pin MP2 [MP2, Passive, Line]
[pin_not_connected]: Pin not connected
    ; error
    @(429.26 mm, 210.82 mm): Symbol U2 Pin 8 [EN, Input, Line]
[pin_not_driven]: Input pin not driven by any Output pins
    ; error
    @(429.26 mm, 210.82 mm): Symbol U2 Pin 8 [EN, Input, Line]
[pin_not_connected]: Pin not connected
    ; error
    @(429.26 mm, 228.60 mm): Symbol U2 Pin 10 [IO5, Bidirectional, Line]
[pin_not_connected]: Pin not connected
    ; error
    @(444.50 mm, 205.74 mm): Symbol U2 Pin 3 [3V3, Power input, Line]
[power_pin_not_driven]: Input Power pin not driven by any Output Power pins
    ; error
    @(444.50 mm, 205.74 mm): Symbol U2 Pin 3 [3V3, Power input, Line]
[power_pin_not_driven]: Input Power pin not driven by any Output Power pins
    ; error
    @(444.50 mm, 256.54 mm): Symbol #PWR015 Pin 1 [Power input, Line]
[pin_not_connected]: Pin not connected
    ; error
    @(459.74 mm, 210.82 mm): Symbol U2 Pin 31 [TXD0, Bidirectional, Line]
[pin_not_connected]: Pin not connected
    ; error
    @(459.74 mm, 213.36 mm): Symbol U2 Pin 30 [RXD0, Bidirectional, Line]
[pin_not_connected]: Pin not connected
    ; error
    @(459.74 mm, 238.76 mm): Symbol U2 Pin 27 [IO21, Bidirectional, Line]
[label_dangling]: Label not connected
    ; error
    @(144.78 mm, 49.53 mm): Label 'VBUS'
[footprint_link_issues]: The current configuration does not include the footprint library 'BMA400'
    ; warning
    @(54.61 mm, 71.12 mm): Symbol AC1 [BMA400]
[lib_symbol_issues]: The current configuration does not include the symbol library 'BMA400'
    ; warning
    @(54.61 mm, 71.12 mm): Symbol AC1 [BMA400]
[lib_symbol_mismatch]: Symbol 'USB_C_Receptacle' doesn't match copy in library 'Connector'
    ; warning
    @(62.23 mm, 199.39 mm): Symbol J3 [USB_C_Receptacle]
[footprint_link_issues]: The current configuration does not include the footprint library 'ESD122DMYR'
    ; warning
    @(87.63 mm, 228.60 mm): Symbol D8 [ESD122DMYR]
[lib_symbol_issues]: The current configuration does not include the symbol library 'ESD122DMYR'
    ; warning
    @(87.63 mm, 228.60 mm): Symbol D8 [ESD122DMYR]
[footprint_link_issues]: The current configuration does not include the footprint library 'ESD122DMYR'
    ; warning
    @(110.49 mm, 218.44 mm): Symbol D4 [ESD122DMYR]
[lib_symbol_issues]: The current configuration does not include the symbol library 'ESD122DMYR'
    ; warning
    @(110.49 mm, 218.44 mm): Symbol D4 [ESD122DMYR]
[lib_symbol_mismatch]: Symbol 'PRT-14417' doesn't match copy in library '2025-11-29_17-09-45'
    ; warning
    @(160.02 mm, 77.47 mm): Symbol J1 [PRT-14417]
[pin_to_pin]: Pins of type Unspecified and Bidirectional are connected
    ; warning
    @(160.02 mm, 77.47 mm): Symbol J1 Pin 4 [SCL, Unspecified, Line]
    @(198.12 mm, 67.31 mm): Symbol U4 Pin 1 [SDA, Bidirectional, Line]
[pin_to_pin]: Pins of type Unspecified and Input are connected
    ; warning
    @(160.02 mm, 80.01 mm): Symbol J1 Pin 3 [SDA, Unspecified, Line]
    @(203.20 mm, 67.31 mm): Symbol U4 Pin 2 [SCL, Input, Line]
[pin_to_pin]: Pins of type Unspecified and Power input are connected
    ; warning
    @(160.02 mm, 82.55 mm): Symbol J1 Pin 2 [VCC, Unspecified, Line]
    @(163.83 mm, 73.66 mm): Symbol #PWR04 Pin 1 [Power input, Line]
[pin_to_pin]: Pins of type Unspecified and Power input are connected
    ; warning
    @(160.02 mm, 85.09 mm): Symbol J1 Pin 1 [GND, Unspecified, Line]
    @(163.83 mm, 87.63 mm): Symbol #PWR05 Pin 1 [Power input, Line]
[footprint_link_issues]: The current configuration does not include the footprint library 'LIB_SM0603URC'
    ; warning
    @(173.99 mm, 191.77 mm): Symbol LED1 [SM0603URC]
[lib_symbol_issues]: The current configuration does not include the symbol library 'SM0603URC'
    ; warning
    @(173.99 mm, 191.77 mm): Symbol LED1 [SM0603URC]
[footprint_link_issues]: The current configuration does not include the footprint library 'LTST-C190GKT'
    ; warning
    @(187.96 mm, 189.23 mm): Symbol LED2 [LTST-C190GKT]
[lib_symbol_issues]: The current configuration does not include the symbol library 'LTST-C190GKT'
    ; warning
    @(187.96 mm, 189.23 mm): Symbol LED2 [LTST-C190GKT]
[unconnected_wire_endpoint]: Unconnected wire endpoint
    ; warning
    @(201.93 mm, 172.72 mm): Vertical Wire, length 3.81 mm
[unconnected_wire_endpoint]: Unconnected wire endpoint
    ; warning
    @(201.93 mm, 187.96 mm): Vertical Wire, length 3.81 mm
[footprint_link_issues]: The current configuration does not include the footprint library 'LIB_SM0603URC'
    ; warning
    @(201.93 mm, 187.96 mm): Symbol LED3 [SM0603URC]
[lib_symbol_issues]: The current configuration does not include the symbol library 'SM0603URC'
    ; warning
    @(201.93 mm, 187.96 mm): Symbol LED3 [SM0603URC]
[footprint_link_issues]: The current configuration does not include the footprint library 'RT9080-33GJ5'
    ; warning
    @(210.82 mm, 229.87 mm): Symbol IC2 [RT9080-33GJ5]
[lib_symbol_issues]: The current configuration does not include the symbol library 'RT9080-33GJ5'
    ; warning
    @(210.82 mm, 229.87 mm): Symbol IC2 [RT9080-33GJ5]
[footprint_link_issues]: The current configuration does not include the footprint library 'DMP1045U-7'
    ; warning
    @(251.46 mm, 172.72 mm): Symbol IC1 [DMP1045U-7]
[lib_symbol_issues]: The current configuration does not include the symbol library 'DMP1045U-7'
    ; warning
    @(251.46 mm, 172.72 mm): Symbol IC1 [DMP1045U-7]
[missing_unit]: Symbol SW1 has unplaced units [ B ]
    ; warning
    @(274.32 mm, 210.82 mm): Symbol SW1 [SW_DPDT_x2]
[footprint_link_issues]: The current configuration does not include the footprint library 'ul_VL53L8CXV0GC-1'
    ; warning
    @(285.75 mm, 78.74 mm): Symbol U1 [VL53L8CXV0GC_1]
[lib_symbol_issues]: The current configuration does not include the symbol library 'VL53L8CX0GC'
    ; warning
    @(285.75 mm, 78.74 mm): Symbol U1 [VL53L8CXV0GC_1]
[pin_to_pin]: Pins of type Unspecified and Unspecified are connected
    ; warning
    @(285.75 mm, 93.98 mm): Symbol U1 Pin A6 [RSVD1, Unspecified, Line]
    @(285.75 mm, 96.52 mm): Symbol U1 Pin A7 [RSVD2, Unspecified, Line]
[pin_to_pin]: Pins of type Unspecified and Unspecified are connected
    ; warning
    @(285.75 mm, 96.52 mm): Symbol U1 Pin A7 [RSVD2, Unspecified, Line]
    @(285.75 mm, 99.06 mm): Symbol U1 Pin C6 [RSVD3, Unspecified, Line]
[pin_to_pin]: Pins of type Unspecified and Power input are connected
    ; warning
    @(285.75 mm, 99.06 mm): Symbol U1 Pin C6 [RSVD3, Unspecified, Line]
    @(285.75 mm, 105.41 mm): Symbol #PWR02 Pin 1 [Power input, Line]
[footprint_link_issues]: The current configuration does not include the footprint library '1769'
    ; warning
    @(292.10 mm, 187.96 mm): Symbol J2 [1769]
[lib_symbol_issues]: The current configuration does not include the symbol library '1769'
    ; warning
    @(292.10 mm, 187.96 mm): Symbol J2 [1769]
[footprint_link_issues]: The current configuration does not include the footprint library 'MAX17048G+T10'
    ; warning
    @(292.10 mm, 210.82 mm): Symbol IC3 [MAX17048G+T10]
[lib_symbol_issues]: The current configuration does not include the symbol library 'MAX17048G+T10'
    ; warning
    @(292.10 mm, 210.82 mm): Symbol IC3 [MAX17048G+T10]
[isolated_pin_label]: Label connected to only one pin
    ; warning
    @(293.37 mm, 303.53 mm): Global Label 'TSCL'
[isolated_pin_label]: Label connected to only one pin
    ; warning
    @(293.37 mm, 306.07 mm): Global Label 'TSDA'
[isolated_pin_label]: Label connected to only one pin
    ; warning
    @(293.37 mm, 311.15 mm): Global Label 'BUSY'
[footprint_link_issues]: The current configuration does not include the footprint library 'LIB_F31L-1A7H1-11024'
    ; warning
    @(325.12 mm, 298.45 mm): Symbol J4 [F31L-1A7H1-11024]
[lib_symbol_issues]: The current configuration does not include the symbol library 'F31L-1A7H1-11024'
    ; warning
    @(325.12 mm, 298.45 mm): Symbol J4 [F31L-1A7H1-11024]

***** Sheet /Power Topology/

 ** ERC messages: 72  Errors 33  Warnings 39

 ** Ignored checks:
    - Global label only appears once in the schematic
    - Four connection points are joined together
    - SPICE model issue
    - Assigned footprint doesn't match footprint filters
